# EXPLAIN 语句

```sql
{EXPLAIN | DESCRIBE | DESC}
    tbl_name [col_name | wild]

{EXPLAIN | DESCRIBE | DESC}
    [explain_type]
    {explainable_stmt | FOR CONNECTION connection_id}

{EXPLAIN | DESCRIBE | DESC} ANALYZE [FORMAT = TREE] select_statement

explain_type: {
    FORMAT = format_name
}

format_name: {
    TRADITIONAL
  | JSON
  | TREE
}

explainable_stmt: {
    SELECT statement
  | TABLE statement
  | DELETE statement
  | INSERT statement
  | REPLACE statement
  | UPDATE statement
}
```

`EXPLAIN`和`DESCRIBE`语句是同义词。在实践中，`DESCRIBE`关键字更多的是用来获取表结构的信息，而`EXPLAIN`用来获取查询的执行计划（即MySQL将如何执行查询的解释）。

根据这些用途，以下讨论使用`DESCRIBE`和`EXPLAIN`关键字，但 MySQL 解析器将它们视为完全同义词。

- 获取表结构信息
- 获取执行计划信息
- 使用 EXPLAIN ANALYZE 获取信息

## 获取表结构信息

`DESCRIBE`提供有关表中列的信息：

```sql
mysql> DESCRIBE City;
+------------+----------+------+-----+---------+----------------+
| Field      | Type     | Null | Key | Default | Extra          |
+------------+----------+------+-----+---------+----------------+
| Id         | int(11)  | NO   | PRI | NULL    | auto_increment |
| Name       | char(35) | NO   |     |         |                |
| Country    | char(3)  | NO   | UNI |         |                |
| District   | char(20) | YES  | MUL |         |                |
| Population | int(11)  | NO   |     | 0       |                |
+------------+----------+------+-----+---------+----------------+
```

`DESCRIBE`是`SHOW COLUMNS` 的快捷语句。这些语句还显示视图的信息。`SHOW COLUMNS`的描述提供了有关输出列的更多信息。

默认情况下，`DESCRIBE`显示有关表中所有列的信息。如果给定*`col_name`*是表中列的名称，在这种情况下，该语句仅显示指定列的信息。如果给定*`wild`*是一个模式字符串，它可以包含 SQL`%`和 `_`通配符，在这种情况下，该语句仅显示名称与字符串匹配的列的输出。除非字符串包含空格或其他特殊字符，否则无需将字符串括在引号内。



提供`DESCRIBE`语句是为了与 Oracle 兼容。

`SHOW TABLE STATUS`、`SHOW INDEX`和`SHOW CREATE TABLE`语句还提供有关表的信息。

MySQL 8.0.32新增的`explain_format`系统变量，当用于获取有关表列的信息时，对`EXPLAIN`的输出没有影响。 

## 获取执行计划信息

`EXPLAIN`语句提供了有关 MySQL 如何执行语句的信息：

- `EXPLAIN`适用于`SELECT`,`DELETE`,`INSERT`,`REPLACE`,和`UPDATE`语句。在 MySQL 8.0.19 及更高版本中，也适用于`TABLE`语句。

- 当`EXPLAIN`与可解释的语句一起使用时，MySQL 会显示来自优化器的有关语句执行计划的信息。也就是说，MySQL 解释了它将如何处理该语句，包括有关表如何连接以及连接顺序的信息。有关使用`EXPLAIN`获取执行计划信息的信息，请参阅《EXPLAIN 输出格式》。

- 当`EXPLAIN`与`FOR CONNECTION` ***connection_id***而不是可解释的语句一起使用时，显示的执行计划为命名连接中执行的语句。

- 对于可解释的语句，`EXPLAIN`生成可以使用显示的附加执行计划信息`SHOW WARNINGS`。

- `EXPLAIN`对于检查涉及分区表的查询很有用。

- `FORMAT`选项可用于选择输出格式。`TRADITIONAL`以表格格式显示输出（默认值）。`JSON`format 以 JSON 格式显示信息。在 MySQL 8.0.16 及更高版本中， `TREE`提供树状输出，其中对查询处理的描述比`TRADITIONAL`格式更精确；它是显示散列（Hash）连接用法的唯一格式并且始终用于 `EXPLAIN ANALYZE`.

  从 MySQL 8.0.32 开始，默认使用的输出格式 `EXPLAIN`（即没有 `FORMAT`选项时）由系统变量的值决定`explain_format`<sup> 注这个变量在MYSQL 8.0.32 引入</sup> 。此变量的确切影响将在本节后面描述。

`EXPLAIN`需要执行解释语句所需的相同权限。此外，`EXPLAIN`还需要`SHOW VIEW`任何解释视图的权限。 如果指定的连接属于不同的用户，`EXPLAIN ... FOR CONNECTION`也需要`PROCESS`特权。

MySQL 8.0.32 中引入的系统变量`explain_format`决定了`EXPLAIN`用于显示查询执行计划时的输出格式。此变量可以采用与该选项一起使用的任何值`FORMAT`，并添加`DEFAULT`作为 的同义词 `TRADITIONAL`。以下示例使用 可从MySQL获取的数据库`world`中的`country`表：

```sql
mysql> USE world; # Make world the current database
Database changed
```

检查`explain_format`的值，我们看到它具有默认值，并且 `EXPLAIN`（没有`FORMAT` 选项）因此使用传统的表格输出：

```sql
mysql> SELECT @@explain_format;
+------------------+
| @@explain_format |
+------------------+
| TRADITIONAL      |
+------------------+
1 row in set (0.00 sec)

mysql> EXPLAIN SELECT Name FROM country WHERE Code Like 'A%';
+----+-------------+---------+------------+-------+---------------+---------+---------+------+------+----------+-------------+
| id | select_type | table   | partitions | type  | possible_keys | key     | key_len | ref  | rows | filtered | Extra       |
+----+-------------+---------+------------+-------+---------------+---------+---------+------+------+----------+-------------+
|  1 | SIMPLE      | country | NULL       | range | PRIMARY       | PRIMARY | 12      | NULL |   17 |   100.00 | Using where |
+----+-------------+---------+------------+-------+---------------+---------+---------+------+------+----------+-------------+
1 row in set, 1 warning (0.00 sec)
```

如果我们将`explain_format`的值设置为`TREE`，然后重新运行相同的 `EXPLAIN`语句，输出将使用树状格式：

```sql
mysql> SET @@explain_format=TREE;
Query OK, 0 rows affected (0.00 sec)

mysql> SELECT @@explain_format;
+------------------+
| @@explain_format |
+------------------+
| TREE             |
+------------------+
1 row in set (0.00 sec)

mysql> EXPLAIN SELECT Name FROM country WHERE Code LIKE 'A%';
+--------------------------------------------------------------------------------------------------------------+
| EXPLAIN             |
+--------------------------------------------------------------------------------------------------------------+
| -> Filter: (country.`Code` like 'A%')  (cost=3.67 rows=17)
    -> Index range scan on country using PRIMARY over ('A' <= Code <= 'A????????')  (cost=3.67 rows=17)  |
+--------------------------------------------------------------------------------------------------------------+
1 row in set, 1 warning (0.00 sec)
```

如前所述，该`FORMAT`选项会覆盖此设置。使用`FORMAT=JSON`而不是`FORMAT=TREE`执行相同的 `EXPLAIN`语句表明是这种情况： 

```sql
mysql> EXPLAIN FORMAT=JSON SELECT Name FROM country WHERE Code LIKE 'A%';
+------------------------------------------------------------------------------+
| EXPLAIN                                                                      |
+------------------------------------------------------------------------------+
| {
  "query_block": {
    "select_id": 1,
    "cost_info": {
      "query_cost": "3.67"
    },
    "table": {
      "table_name": "country",
      "access_type": "range",
      "possible_keys": [
        "PRIMARY"
      ],
      "key": "PRIMARY",
      "used_key_parts": [
        "Code"
      ],
      "key_length": "12",
      "rows_examined_per_scan": 17,
      "rows_produced_per_join": 17,
      "filtered": "100.00",
      "cost_info": {
        "read_cost": "1.97",
        "eval_cost": "1.70",
        "prefix_cost": "3.67",
        "data_read_per_join": "16K"
      },
      "used_columns": [
        "Code",
        "Name"
      ],
      "attached_condition": "(`world`.`country`.`Code` like 'A%')"
    }
  }
}                                                                              |
+------------------------------------------------------------------------------+
1 row in set, 1 warning (0.00 sec)
```

要将`EXPLAIN`的默认输出返回到表格格式，请设置`explain_format`为 `TRADITIONAL`. 或者，您可以将其设置为 `DEFAULT`，效果相同，如下所示：

```sql
mysql> SET @@explain_format=DEFAULT;
Query OK, 0 rows affected (0.00 sec)

mysql> SELECT @@explain_format;
+------------------+
| @@explain_format |
+------------------+
| TRADITIONAL      |
+------------------+
1 row in set (0.00 sec)
```



在`EXPLAIN`的帮助下，您可以看到应该在何处为表添加索引，以便通过使用索引查找行来更快地执行语句。您还可以使用`EXPLAIN`来检查优化器是否以最佳顺序连接表。要提示优化器使用与表在 SELECT 语句中的命名顺序相对应的连接顺序，请以 SELECT STRAIGHT_JOIN 而不是只是 SELECT 开始该语句。

优化器跟踪有时可能会提供与 EXPLAIN 互补的信息。 但是，优化器跟踪格式和内容可能会因版本而异。

如果您遇到索引在您认为应该使用时未被使用的问题，请运行`ANALYZE TABLE`以更新表统计信息，例如键的基数，这可能会影响优化器所做的选择。

> Note
>
> MySQL Workbench 具有 Visual Explain 功能，可提供 `EXPLAIN`输出的可视化表示。

## 使用 EXPLAIN ANALYZE 获取信息

MySQL 8.0.18 引入了`EXPLAIN ANALYZE`，它运行一个语句并产生 `EXPLAIN`输出以及时间和额外的、基于迭代器的信息，这些信息关于优化器的期望如何与实际执行相匹配。对于每个迭代器，提供以下信息：

- 估计执行成本

  （一些迭代器未被成本模型考虑，因此未包含在估算中。）

- 估计的返回行数

- 返回第一行的时间

- 执行此迭代器（包括子迭代器，但不包括父迭代器）所花费的时间，以毫秒为单位。

  （当有多个循环时，此图显示每个循环的平均时间。）

- 迭代器返回的行数

- 循环次数

查询执行信息使用 `TREE`输出格式显示，其中节点代表迭代器。`EXPLAIN ANALYZE`始终使用 `TREE`输出格式。在 MySQL 8.0.21 及更高版本中，可以选择使用显式指定 `FORMAT=TREE`；`TREE`以外的其他格式仍然不受支持。

`EXPLAIN ANALYZE`可以与`SELECT`语句一起使用，也可以与多表`UPDATE`和`DELETE`语句一起使用。从 MySQL 8.0.19 开始，它也可以与`TABLE`语句一起使用。

从 MySQL 8.0.20 开始，您可以使用`KILL QUERY`或**CTRL-C** 终止此语句。

`EXPLAIN ANALYZE`不能与`FOR CONNECTION`一起使用。

示例输出：

```sql
mysql> EXPLAIN ANALYZE SELECT * FROM t1 JOIN t2 ON (t1.c1 = t2.c2)\G
*************************** 1. row ***************************
EXPLAIN: -> Inner hash join (t2.c2 = t1.c1)  (cost=4.70 rows=6)
(actual time=0.032..0.035 rows=6 loops=1)
    -> Table scan on t2  (cost=0.06 rows=6)
(actual time=0.003..0.005 rows=6 loops=1)
    -> Hash
        -> Table scan on t1  (cost=0.85 rows=6)
(actual time=0.018..0.022 rows=6 loops=1)

mysql> EXPLAIN ANALYZE SELECT * FROM t3 WHERE i > 8\G
*************************** 1. row ***************************
EXPLAIN: -> Filter: (t3.i > 8)  (cost=1.75 rows=5)
(actual time=0.019..0.021 rows=6 loops=1)
    -> Table scan on t3  (cost=1.75 rows=15)
(actual time=0.017..0.019 rows=15 loops=1)

mysql> EXPLAIN ANALYZE SELECT * FROM t3 WHERE pk > 17\G
*************************** 1. row ***************************
EXPLAIN: -> Filter: (t3.pk > 17)  (cost=1.26 rows=5)
(actual time=0.013..0.016 rows=5 loops=1)
    -> Index range scan on t3 using PRIMARY  (cost=1.26 rows=5)
(actual time=0.012..0.014 rows=5 loops=1)
```

示例输出中使用的表是由此处显示的语句创建的：

```sql
CREATE TABLE t1 (
    c1 INTEGER DEFAULT NULL,
    c2 INTEGER DEFAULT NULL
);

CREATE TABLE t2 (
    c1 INTEGER DEFAULT NULL,
    c2 INTEGER DEFAULT NULL
);

CREATE TABLE t3 (
    pk INTEGER NOT NULL PRIMARY KEY,
    i INTEGER DEFAULT NULL
);
```

此语句的输出中`actual time`显示的值以毫秒表示。

从 MySQL 8.0.32 开始，`explain_format`系统变量对`EXPLAIN ANALYZE`有以下影响：

- 如果此变量的值为 `TRADITIONAL`或`TREE`， `EXPLAIN ANALYZE`则使用 `TREE`格式。这确保该语句默认情况下继续使用该`TREE` 格式，就像在引入 `explain_format`.
- 如果的`explain_format`值为`JSON`，`EXPLAIN ANALYZE` 则返回错误，除非`FORMAT=TREE`指定为语句的一部分。这是因为`EXPLAIN ANALYZE`仅支持 `TREE`输出格式。

我们在这里说明第二点中描述的行为，重新使用`EXPLAIN ANALYZE`上一个示例中的最后一条语句：

```sql
mysql> SET @@explain_format=JSON;
Query OK, 0 rows affected (0.00 sec)

mysql> SELECT @@explain_format;
+------------------+
| @@explain_format |
+------------------+
| JSON             |
+------------------+
1 row in set (0.00 sec)

mysql> EXPLAIN ANALYZE SELECT * FROM t3 WHERE pk > 17\G
ERROR 1235 (42000): This version of MySQL doesn't yet support 'EXPLAIN ANALYZE with JSON format'

mysql> EXPLAIN ANALYZE FORMAT=TRADITIONAL SELECT * FROM t3 WHERE pk > 17\G
ERROR 1235 (42000): This version of MySQL doesn't yet support 'EXPLAIN ANALYZE with TRADITIONAL format'

mysql> EXPLAIN ANALYZE FORMAT=TREE SELECT * FROM t3 WHERE pk > 17\G
*************************** 1. row ***************************
EXPLAIN: -> Filter: (t3.pk > 17)  (cost=1.26 rows=5)
(actual time=0.013..0.016 rows=5 loops=1)
    -> Index range scan on t3 using PRIMARY  (cost=1.26 rows=5)
(actual time=0.012..0.014 rows=5 loops=1)
```

无论`explain_format`的值如何，使用`FORMAT=TRADITIONAL`或`FORMAT=JSON`与`EXPLAIN ANALYZE`总是会引发错误。

从 MySQL 8.0.33 开始，`EXPLAIN ANALYZE`和的输出中的数字`EXPLAIN FORMAT=TREE`按照以下规则进行格式化：

- 0.001-999999.5 范围内的数字打印为十进制数。

  小于1000的小数保留三位有效数字；其余的有四个、五个或六个。

- 0.001-999999.5 范围之外的数字以科学计数方式打印。此类值的示例是 `1.23e+9`和`934e-6`。

- 不打印尾随零。例如，我们打印 `2.3`而不是 `2.30`, 打印`1.2e+6`而不是`1.20e+6`。

- 小于`1e-12`的数字打印为 `0`。

## 参考文献

官方文档：https://dev.mysql.com/doc/refman/8.0/en/explain.html